Unmatched samples (excluded and recorded): ["1-32'", '4-24']
Matched samples: 138; site labels: 37; groups: 35.
Train: 109 samples, 28 groups. Test: 29 samples, 7 groups.
Training sites: ADA, ADP, BSE, BSI, BSN, BSO, BSS, CGS, CWS, DGB, DGC, DGD, DGG, DGJ, GCG, GHGa, GHGb, GHH, GHJ, GSG, JJN, JJY, MGY, USJ, USO, USY, YCG, YSY
Test sites: CWM, DGY, MYS, SCH, UJG, YCD, YSD
Missing ARC: 1-32' and 4-24; excluded explicitly in sample_audit.csv.
ARC header 2-29-SCHG-ARC has redundant domain suffix removed for site checks; logged in sample_id_corrections.csv.
RandomForest 1/8: {'Multilabel MCC': 0.31163340974896, 'Micro-AUPR': 0.31806707262231837, 'Micro-ROC-AUC': 0.7430587513422305}
RandomForest 2/8: {'Multilabel MCC': 0.2882053231968753, 'Micro-AUPR': 0.33795144597622623, 'Micro-ROC-AUC': 0.7845720202485044}
RandomForest 3/8: {'Multilabel MCC': 0.3552260460259119, 'Micro-AUPR': 0.36194274251714265, 'Micro-ROC-AUC': 0.7830955668047246}
RandomForest 4/8: {'Multilabel MCC': 0.22385796508860123, 'Micro-AUPR': 0.29230515043444966, 'Micro-ROC-AUC': 0.7725302960576774}
RandomForest 5/8: {'Multilabel MCC': 0.3994346536908826, 'Micro-AUPR': 0.35741567183258804, 'Micro-ROC-AUC': 0.7708620954134069}
RandomForest 6/8: {'Multilabel MCC': 0.21656217138388742, 'Micro-AUPR': 0.2953997466370224, 'Micro-ROC-AUC': 0.7709004448535051}
RandomForest 7/8: {'Multilabel MCC': 0.3042405051249012, 'Micro-AUPR': 0.3133327712169437, 'Micro-ROC-AUC': 0.7534131001687375}
RandomForest 8/8: {'Multilabel MCC': 0.3102522866561085, 'Micro-AUPR': 0.3419315346112358, 'Micro-ROC-AUC': 0.7841885258475227}
KNN 1/8: {'Multilabel MCC': 0.23213144557323387, 'Micro-AUPR': 0.2985408212796353, 'Micro-ROC-AUC': 0.6810285319834332}
KNN 2/8: {'Multilabel MCC': 0.23213144557323387, 'Micro-AUPR': 0.2978372612071206, 'Micro-ROC-AUC': 0.6804916398220587}
KNN 3/8: {'Multilabel MCC': 0.2603892964394395, 'Micro-AUPR': 0.3005465499859219, 'Micro-ROC-AUC': 0.7300582911489493}
KNN 4/8: {'Multilabel MCC': 0.2424771093887028, 'Micro-AUPR': 0.26480101730474626, 'Micro-ROC-AUC': 0.7156580763920848}
KNN 5/8: {'Multilabel MCC': 0.292879679831049, 'Micro-AUPR': 0.21463777793364353, 'Micro-ROC-AUC': 0.718572633839546}
KNN 6/8: {'Multilabel MCC': 0.2716809518743736, 'Micro-AUPR': 0.26422828137593424, 'Micro-ROC-AUC': 0.7281408191440405}
KNN 7/8: {'Multilabel MCC': 0.3070281483882727, 'Micro-AUPR': 0.230914441149656, 'Micro-ROC-AUC': 0.7270670348212915}
KNN 8/8: {'Multilabel MCC': 0.31401051637786154, 'Micro-AUPR': 0.23959342096273706, 'Micro-ROC-AUC': 0.7298857186685073}
SVM 1/8: {'Multilabel MCC': 0.33152967122936244, 'Micro-AUPR': 0.3661703441544442, 'Micro-ROC-AUC': 0.7875824512962112}
SVM 2/8: {'Multilabel MCC': 0.03336995823312232, 'Micro-AUPR': 0.2441070759814912, 'Micro-ROC-AUC': 0.7147568645497775}
SVM 3/8: {'Multilabel MCC': 0.2925415588954264, 'Micro-AUPR': 0.32135167668250064, 'Micro-ROC-AUC': 0.7131845375057525}
SVM 4/8: {'Multilabel MCC': 0.03336995823312232, 'Micro-AUPR': 0.22240890919624465, 'Micro-ROC-AUC': 0.7105384261389784}
SVM 5/8: {'Multilabel MCC': 0.0, 'Micro-AUPR': 0.15765222315909222, 'Micro-ROC-AUC': 0.6743365546863016}
SVM 6/8: {'Multilabel MCC': 0.0, 'Micro-AUPR': 0.15765222315909222, 'Micro-ROC-AUC': 0.6743365546863016}
SVM 7/8: {'Multilabel MCC': 0.0, 'Micro-AUPR': 0.15906117368259814, 'Micro-ROC-AUC': 0.6757554839699341}
SVM 8/8: {'Multilabel MCC': 0.11441725401911805, 'Micro-AUPR': 0.2142513291479914, 'Micro-ROC-AUC': 0.7025617425985581}
NNET 1/8: {'Multilabel MCC': 0.3887717141576073, 'Micro-AUPR': 0.2848967670306491, 'Micro-ROC-AUC': 0.7356573094032829}
NNET 2/8: {'Multilabel MCC': 0.383921065118055, 'Micro-AUPR': 0.2832308321050185, 'Micro-ROC-AUC': 0.7346602239607302}
NNET 3/8: {'Multilabel MCC': 0.23346622228859906, 'Micro-AUPR': 0.20907172959771742, 'Micro-ROC-AUC': 0.6864549777573248}
NNET 4/8: {'Multilabel MCC': 0.23067047882996403, 'Micro-AUPR': 0.2533953560383444, 'Micro-ROC-AUC': 0.7188602546402822}
NNET 5/8: {'Multilabel MCC': 0.13836481286528554, 'Micro-AUPR': 0.22015237372982957, 'Micro-ROC-AUC': 0.7196655928823439}
NNET 6/8: {'Multilabel MCC': 0.17786144901129797, 'Micro-AUPR': 0.22534105390201747, 'Micro-ROC-AUC': 0.6940865163368615}
NNET 7/8: {'Multilabel MCC': 0.18460978631319697, 'Micro-AUPR': 0.19428356507132472, 'Micro-ROC-AUC': 0.6684690903512809}
NNET 8/8: {'Multilabel MCC': 0.3532606974705216, 'Micro-AUPR': 0.2735788180873282, 'Micro-ROC-AUC': 0.7327044025157232}
XGBoost 1/8: {'Multilabel MCC': 0.23146437918972954, 'Micro-AUPR': 0.27316713571708584, 'Micro-ROC-AUC': 0.7412563276576162}
XGBoost 2/8: {'Multilabel MCC': 0.2600964349804665, 'Micro-AUPR': 0.273337947010487, 'Micro-ROC-AUC': 0.7430395766221813}
XGBoost 3/8: {'Multilabel MCC': 0.2661199510775644, 'Micro-AUPR': 0.2719943171556954, 'Micro-ROC-AUC': 0.7195505445620494}
XGBoost 4/8: {'Multilabel MCC': 0.2602633186500984, 'Micro-AUPR': 0.28751057539109703, 'Micro-ROC-AUC': 0.7280257708237461}
XGBoost 5/8: {'Multilabel MCC': 0.18994287079570768, 'Micro-AUPR': 0.2507164656837568, 'Micro-ROC-AUC': 0.7389361865316766}
XGBoost 6/8: {'Multilabel MCC': 0.25207976404534066, 'Micro-AUPR': 0.2669198322583758, 'Micro-ROC-AUC': 0.742962877741985}
XGBoost 7/8: {'Multilabel MCC': 0.2527476058516951, 'Micro-AUPR': 0.27840907037154505, 'Micro-ROC-AUC': 0.7505368921613744}
XGBoost 8/8: {'Multilabel MCC': 0.2560437272317902, 'Micro-AUPR': 0.26359635205282356, 'Micro-ROC-AUC': 0.7454364166283173}
GLMNET 1/8: {'Multilabel MCC': 0.17811260543222923, 'Micro-AUPR': 0.17134450972066234, 'Micro-ROC-AUC': 0.6656695812241141}
GLMNET 2/8: {'Multilabel MCC': 0.18132951998328814, 'Micro-AUPR': 0.16545820436666786, 'Micro-ROC-AUC': 0.6633302653781254}
GLMNET 3/8: {'Multilabel MCC': 0.30268645949903167, 'Micro-AUPR': 0.2679436377835762, 'Micro-ROC-AUC': 0.7523009664058905}
GLMNET 4/8: {'Multilabel MCC': 0.24068362712496502, 'Micro-AUPR': 0.23363739179677734, 'Micro-ROC-AUC': 0.7014112593956129}
GLMNET 5/8: {'Multilabel MCC': 0.2844120959382774, 'Micro-AUPR': 0.18453799035811436, 'Micro-ROC-AUC': 0.6720547630004602}
GLMNET 6/8: {'Multilabel MCC': 0.01007976347660458, 'Micro-AUPR': 0.11302293607237171, 'Micro-ROC-AUC': 0.5503911642890014}
GLMNET 7/8: {'Multilabel MCC': -0.007610076054209665, 'Micro-AUPR': 0.10289230826596209, 'Micro-ROC-AUC': 0.567456665132689}
GLMNET 8/8: {'Multilabel MCC': 0.16467865843271118, 'Micro-AUPR': 0.17264535066593317, 'Micro-ROC-AUC': 0.6495628163828808}

CV-selected model: SVM 
        Model  Multilabel MCC  Micro-AUPR  Micro-ROC-AUC
RandomForest        0.390923    0.473645       0.886946
         KNN        0.330697    0.437848       0.769814
         SVM        0.347091    0.557988       0.814103
        NNET        0.419522    0.517087       0.854312
     XGBoost        0.319471    0.336509       0.852273
      GLMNET        0.390923    0.548938       0.864219
