Unmatched samples (excluded and recorded): ["1-32'", '4-24']
Matched samples: 138; site labels: 37; groups: 35.
Train: 109 samples, 28 groups. Test: 29 samples, 7 groups.
Training sites: ADA, ADP, BSE, BSI, BSN, BSO, BSS, CGS, CWS, DGB, DGC, DGD, DGG, DGJ, GCG, GHGa, GHGb, GHH, GHJ, GSG, JJN, JJY, MGY, USJ, USO, USY, YCG, YSY
Test sites: CWM, DGY, MYS, SCH, UJG, YCD, YSD
Missing ARC: 1-32' and 4-24; excluded explicitly in sample_audit.csv.
ARC header 2-29-SCHG-ARC has redundant domain suffix removed for site checks; logged in sample_id_corrections.csv.
RandomForest 1/8: {'Multilabel MCC': 0.3524778188631149, 'Micro-AUPR': 0.3603156235949047, 'Micro-ROC-AUC': 0.7705552998926215}
RandomForest 2/8: {'Multilabel MCC': 0.24760276129360248, 'Micro-AUPR': 0.38946730879948915, 'Micro-ROC-AUC': 0.7892314772204326}
RandomForest 3/8: {'Multilabel MCC': 0.34718927664339255, 'Micro-AUPR': 0.3831979926494561, 'Micro-ROC-AUC': 0.7960385028378586}
RandomForest 4/8: {'Multilabel MCC': 0.27522390625452475, 'Micro-AUPR': 0.36392819267596954, 'Micro-ROC-AUC': 0.7704019021322288}
RandomForest 5/8: {'Multilabel MCC': 0.4322862676700288, 'Micro-AUPR': 0.38745732397913335, 'Micro-ROC-AUC': 0.7883877895382728}
RandomForest 6/8: {'Multilabel MCC': 0.27522390625452475, 'Micro-AUPR': 0.36248135865784853, 'Micro-ROC-AUC': 0.7736232551004756}
RandomForest 7/8: {'Multilabel MCC': 0.39122155726215113, 'Micro-AUPR': 0.36435977943199155, 'Micro-ROC-AUC': 0.7769596563890168}
RandomForest 8/8: {'Multilabel MCC': 0.28586715283087427, 'Micro-AUPR': 0.39837044368180197, 'Micro-ROC-AUC': 0.7821751802423684}
KNN 1/8: {'Multilabel MCC': 0.21942900438678228, 'Micro-AUPR': 0.28195858049075495, 'Micro-ROC-AUC': 0.6755829114894922}
KNN 2/8: {'Multilabel MCC': 0.21942900438678228, 'Micro-AUPR': 0.28150694123248854, 'Micro-ROC-AUC': 0.675525387329345}
KNN 3/8: {'Multilabel MCC': 0.27964348270923856, 'Micro-AUPR': 0.29237389023506016, 'Micro-ROC-AUC': 0.7136830802270288}
KNN 4/8: {'Multilabel MCC': 0.22880264492090033, 'Micro-AUPR': 0.2428671045958454, 'Micro-ROC-AUC': 0.7072978984506827}
KNN 5/8: {'Multilabel MCC': 0.2849724603331397, 'Micro-AUPR': 0.2202468092304073, 'Micro-ROC-AUC': 0.7182658383187606}
KNN 6/8: {'Multilabel MCC': 0.20192263199069235, 'Micro-AUPR': 0.25855171028715385, 'Micro-ROC-AUC': 0.7111328424605}
KNN 7/8: {'Multilabel MCC': 0.2753661947475846, 'Micro-AUPR': 0.24055996204981062, 'Micro-ROC-AUC': 0.7270478601012424}
KNN 8/8: {'Multilabel MCC': 0.2797908777035181, 'Micro-AUPR': 0.24526929477989307, 'Micro-ROC-AUC': 0.7279874213836477}
SVM 1/8: {'Multilabel MCC': 0.33152967122936244, 'Micro-AUPR': 0.42711671953942065, 'Micro-ROC-AUC': 0.7938334100322135}
SVM 2/8: {'Multilabel MCC': 0.21740223079933166, 'Micro-AUPR': 0.2779930739051813, 'Micro-ROC-AUC': 0.7318990642736617}
SVM 3/8: {'Multilabel MCC': 0.2925415588954264, 'Micro-AUPR': 0.32405455488913504, 'Micro-ROC-AUC': 0.7167126859947845}
SVM 4/8: {'Multilabel MCC': 0.18254835461946406, 'Micro-AUPR': 0.2743918723649734, 'Micro-ROC-AUC': 0.730211688909342}
SVM 5/8: {'Multilabel MCC': 0.05927977517409316, 'Micro-AUPR': 0.2095384265480239, 'Micro-ROC-AUC': 0.6998389323515878}
SVM 6/8: {'Multilabel MCC': 0.05927977517409316, 'Micro-AUPR': 0.2095384265480239, 'Micro-ROC-AUC': 0.6998389323515878}
SVM 7/8: {'Multilabel MCC': 0.05927977517409316, 'Micro-AUPR': 0.2095384265480239, 'Micro-ROC-AUC': 0.6998389323515878}
SVM 8/8: {'Multilabel MCC': 0.20043435883157615, 'Micro-AUPR': 0.24538302124268876, 'Micro-ROC-AUC': 0.7189369535204787}
NNET 1/8: {'Multilabel MCC': 0.3568777743592891, 'Micro-AUPR': 0.29091285491029706, 'Micro-ROC-AUC': 0.7017180549163982}
NNET 2/8: {'Multilabel MCC': 0.34037704682791486, 'Micro-AUPR': 0.2896832541728861, 'Micro-ROC-AUC': 0.7009510661144348}
NNET 3/8: {'Multilabel MCC': 0.21348975558439517, 'Micro-AUPR': 0.21713036462872848, 'Micro-ROC-AUC': 0.6608375517717442}
NNET 4/8: {'Multilabel MCC': 0.21160731437981184, 'Micro-AUPR': 0.22382196358381515, 'Micro-ROC-AUC': 0.6782481975763154}
NNET 5/8: {'Multilabel MCC': 0.2212089064720391, 'Micro-AUPR': 0.2174120735289277, 'Micro-ROC-AUC': 0.6754103390090505}
NNET 6/8: {'Multilabel MCC': 0.18994287079570768, 'Micro-AUPR': 0.19448421333999116, 'Micro-ROC-AUC': 0.6257478140819143}
NNET 7/8: {'Multilabel MCC': 0.2300752924449837, 'Micro-AUPR': 0.2274130492939762, 'Micro-ROC-AUC': 0.6855729406350667}
NNET 8/8: {'Multilabel MCC': 0.2891715166823701, 'Micro-AUPR': 0.2793088072648996, 'Micro-ROC-AUC': 0.693127780334407}
XGBoost 1/8: {'Multilabel MCC': 0.3569028326085975, 'Micro-AUPR': 0.3224035555308882, 'Micro-ROC-AUC': 0.7516682006442705}
XGBoost 2/8: {'Multilabel MCC': 0.43498429761306673, 'Micro-AUPR': 0.3145825761343416, 'Micro-ROC-AUC': 0.7523009664058905}
XGBoost 3/8: {'Multilabel MCC': 0.38344891393421926, 'Micro-AUPR': 0.2992916150504587, 'Micro-ROC-AUC': 0.7222541800889707}
XGBoost 4/8: {'Multilabel MCC': 0.2856182628692363, 'Micro-AUPR': 0.3235514102868555, 'Micro-ROC-AUC': 0.7258015032980518}
XGBoost 5/8: {'Multilabel MCC': 0.3588123912615866, 'Micro-AUPR': 0.3047419707779613, 'Micro-ROC-AUC': 0.7397031753336402}
XGBoost 6/8: {'Multilabel MCC': 0.39476589712706933, 'Micro-AUPR': 0.3258435191964209, 'Micro-ROC-AUC': 0.7496356803190674}
XGBoost 7/8: {'Multilabel MCC': 0.34860218964657835, 'Micro-AUPR': 0.3274929938411975, 'Micro-ROC-AUC': 0.7600092038656237}
XGBoost 8/8: {'Multilabel MCC': 0.3681548175719688, 'Micro-AUPR': 0.3037621443192011, 'Micro-ROC-AUC': 0.7468169964718515}
GLMNET 1/8: {'Multilabel MCC': 0.18851239332951789, 'Micro-AUPR': 0.19961148832979966, 'Micro-ROC-AUC': 0.644999233011198}
GLMNET 2/8: {'Multilabel MCC': 0.18994287079570768, 'Micro-AUPR': 0.2099763189278931, 'Micro-ROC-AUC': 0.661681239453904}
GLMNET 3/8: {'Multilabel MCC': 0.37608815294542186, 'Micro-AUPR': 0.27962474665600784, 'Micro-ROC-AUC': 0.7395689522932966}
GLMNET 4/8: {'Multilabel MCC': 0.15406782008378841, 'Micro-AUPR': 0.19081608200128852, 'Micro-ROC-AUC': 0.6502914557447461}
GLMNET 5/8: {'Multilabel MCC': 0.2763428947468648, 'Micro-AUPR': 0.20554260096017402, 'Micro-ROC-AUC': 0.6685649639515263}
GLMNET 6/8: {'Multilabel MCC': 0.025615181986929376, 'Micro-AUPR': 0.11083022522442303, 'Micro-ROC-AUC': 0.5429130234698574}
GLMNET 7/8: {'Multilabel MCC': 0.019690395424721348, 'Micro-AUPR': 0.10739732508832564, 'Micro-ROC-AUC': 0.5718476760239299}
GLMNET 8/8: {'Multilabel MCC': 0.1922266128955254, 'Micro-AUPR': 0.19436422967672867, 'Micro-ROC-AUC': 0.6372142966712687}

CV-selected model: RandomForest 
        Model  Multilabel MCC  Micro-AUPR  Micro-ROC-AUC
RandomForest        0.419626    0.585705       0.912005
         KNN        0.379873    0.460928       0.778846
         SVM        0.419626    0.576440       0.786713
        NNET        0.486190    0.435715       0.861888
     XGBoost        0.324009    0.346222       0.816142
      GLMNET        0.410896    0.312907       0.882284
