Unmatched samples (excluded and recorded): ["1-32'", '4-24']
Matched samples: 138; site labels: 37; groups: 35.
Train: 109 samples, 28 groups. Test: 29 samples, 7 groups.
Training sites: ADA, ADP, BSE, BSI, BSN, BSO, BSS, CGS, CWS, DGB, DGC, DGD, DGG, DGJ, GCG, GHGa, GHGb, GHH, GHJ, GSG, JJN, JJY, MGY, USJ, USO, USY, YCG, YSY
Test sites: CWM, DGY, MYS, SCH, UJG, YCD, YSD
Missing ARC: 1-32' and 4-24; excluded explicitly in sample_audit.csv.
Duplicate/missing metadata and normalized genomic IDs checked; SampleID and Site mapping validated.
RandomForest 1/8: {'Multilabel MCC': 0.31742861562236613, 'Micro-AUPR': 0.365424828775062}
RandomForest 2/8: {'Multilabel MCC': 0.3089842098576569, 'Micro-AUPR': 0.41625652259378537}
RandomForest 3/8: {'Multilabel MCC': 0.37243782760588734, 'Micro-AUPR': 0.418431842874113}
RandomForest 4/8: {'Multilabel MCC': 0.3042405051249012, 'Micro-AUPR': 0.37973178908419514}
RandomForest 5/8: {'Multilabel MCC': 0.4775450890378858, 'Micro-AUPR': 0.4193060453714581}
RandomForest 6/8: {'Multilabel MCC': 0.3219254817452742, 'Micro-AUPR': 0.38500639968264033}
RandomForest 7/8: {'Multilabel MCC': 0.3299191769478798, 'Micro-AUPR': 0.3705724483406392}
RandomForest 8/8: {'Multilabel MCC': 0.3089842098576569, 'Micro-AUPR': 0.4211248729722878}
KNN 1/8: {'Multilabel MCC': 0.33266713848987345, 'Micro-AUPR': 0.3891319934768547}
KNN 2/8: {'Multilabel MCC': 0.33266713848987345, 'Micro-AUPR': 0.3852646558499794}
KNN 3/8: {'Multilabel MCC': 0.35638399760707956, 'Micro-AUPR': 0.3608363044407029}
KNN 4/8: {'Multilabel MCC': 0.2905072509829708, 'Micro-AUPR': 0.21682345077062912}
KNN 5/8: {'Multilabel MCC': 0.31863668595882677, 'Micro-AUPR': 0.28694371443159294}
KNN 6/8: {'Multilabel MCC': 0.3317763503893494, 'Micro-AUPR': 0.23735070820556806}
KNN 7/8: {'Multilabel MCC': 0.35626913819274064, 'Micro-AUPR': 0.30785353335392823}
KNN 8/8: {'Multilabel MCC': 0.35626913819274064, 'Micro-AUPR': 0.30708898203918283}
SVM 1/8: {'Multilabel MCC': 0.25121466210738086, 'Micro-AUPR': 0.35150766685332463}
SVM 2/8: {'Multilabel MCC': 0.0, 'Micro-AUPR': 0.16141157217440436}
SVM 3/8: {'Multilabel MCC': 0.14297790333440605, 'Micro-AUPR': 0.24563431472991215}
SVM 4/8: {'Multilabel MCC': 0.14341523239403597, 'Micro-AUPR': 0.2402517073444953}
SVM 5/8: {'Multilabel MCC': 0.12903795118091638, 'Micro-AUPR': 0.19701068231646535}
SVM 6/8: {'Multilabel MCC': 0.12903795118091638, 'Micro-AUPR': 0.19701068231646535}
SVM 7/8: {'Multilabel MCC': 0.12903795118091638, 'Micro-AUPR': 0.19701068231646535}
SVM 8/8: {'Multilabel MCC': 0.11955633197363874, 'Micro-AUPR': 0.2116763083481943}
NNET 1/8: {'Multilabel MCC': 0.20404464496876598, 'Micro-AUPR': 0.23651865908220973}
NNET 2/8: {'Multilabel MCC': 0.20404464496876598, 'Micro-AUPR': 0.2368893911140133}
NNET 3/8: {'Multilabel MCC': 0.14672282460382916, 'Micro-AUPR': 0.2340595801199998}
NNET 4/8: {'Multilabel MCC': 0.17185889384187292, 'Micro-AUPR': 0.2209826325409976}
NNET 5/8: {'Multilabel MCC': 0.16000958158882056, 'Micro-AUPR': 0.22282661548716326}
NNET 6/8: {'Multilabel MCC': 0.16467865843271118, 'Micro-AUPR': 0.20768435931261822}
NNET 7/8: {'Multilabel MCC': 0.19775472804666971, 'Micro-AUPR': 0.1959691217006516}
NNET 8/8: {'Multilabel MCC': 0.20728934988533274, 'Micro-AUPR': 0.2350466861759337}
XGBoost 1/8: {'Multilabel MCC': 0.3639899372375692, 'Micro-AUPR': 0.35179857528620606}
XGBoost 2/8: {'Multilabel MCC': 0.3731169321507911, 'Micro-AUPR': 0.32613106026113814}
XGBoost 3/8: {'Multilabel MCC': 0.2959653411188722, 'Micro-AUPR': 0.30923938639238974}
XGBoost 4/8: {'Multilabel MCC': 0.34061166825130484, 'Micro-AUPR': 0.359493077057292}
XGBoost 5/8: {'Multilabel MCC': 0.31742861562236613, 'Micro-AUPR': 0.30607521629921436}
XGBoost 6/8: {'Multilabel MCC': 0.3731169321507911, 'Micro-AUPR': 0.3326807367217972}
XGBoost 7/8: {'Multilabel MCC': 0.369988852274958, 'Micro-AUPR': 0.37689037431245004}
XGBoost 8/8: {'Multilabel MCC': 0.3183166959513286, 'Micro-AUPR': 0.31862646859050886}
GLMNET 1/8: {'Multilabel MCC': 0.21466143507005322, 'Micro-AUPR': 0.2497963383238636}
GLMNET 2/8: {'Multilabel MCC': 0.1781974888708527, 'Micro-AUPR': 0.21716575917111747}
GLMNET 3/8: {'Multilabel MCC': 0.4307192265360876, 'Micro-AUPR': 0.29550389565601703}
GLMNET 4/8: {'Multilabel MCC': 0.3538910493884178, 'Micro-AUPR': 0.28576588343249143}
GLMNET 5/8: {'Multilabel MCC': 0.44971322738123287, 'Micro-AUPR': 0.31525860279369083}
GLMNET 6/8: {'Multilabel MCC': 0.14039414567564093, 'Micro-AUPR': 0.21256362695068393}
GLMNET 7/8: {'Multilabel MCC': 0.16516854737433048, 'Micro-AUPR': 0.18503180984855072}
GLMNET 8/8: {'Multilabel MCC': 0.2458665802373245, 'Micro-AUPR': 0.23750031194675608}
Traceback (most recent call last):
  File "/home/best/Sujin/NGS-embedding/ML/train_multilabel.py", line 358, in <module>
    main()
  File "/home/best/Sujin/NGS-embedding/ML/train_multilabel.py", line 326, in main
    predictions(out, name, 'test', m.iloc[test], y[test], p, final.thresholds)
  File "/home/best/Sujin/NGS-embedding/ML/train_multilabel.py", line 176, in predictions
    df[t+'_predicted'] = (p[:, j] >= threshold).astype(int)
ValueError: operands could not be broadcast together with shapes (29,) (5,) 

RECOVERY COMPLETE: fixed prediction CSV export; final evaluation completed from frozen serialized models. No retraining or tuning changes. See report.md and test_performance.csv. All four tests and output consistency checks passed.
